14:26:20 **** Incremental Build of configuration Debug for project B1 ****
make -j8 all 
arm-none-eabi-gcc -o "B1.elf" @"objects.list"   -mcpu=cortex-m3 -T"D:\VXL\LAB2\B1\STM32F103C6UX_FLASH.ld" --specs=nosys.specs -Wl,-Map="B1.map" -Wl,--gc-sections -static --specs=nano.specs -mfloat-abi=soft -mthumb -Wl,--start-group -lc -lm -Wl,--end-group
Finished building target: B1.elf
 
arm-none-eabi-size   B1.elf 
arm-none-eabi-objdump -h -S  B1.elf  > "B1.list"
arm-none-eabi-objcopy  -O ihex  B1.elf  "B1.hex"
arm-none-eabi-objcopy  -O binary  B1.elf  "B1.bin"
   text	   data	    bss	    dec	    hex	filename
   7776	     20	   1652	   9448	   24e8	B1.elf
Finished building: default.size.stdout
 
Finished building: B1.hex
Finished building: B1.bin
 
 
Finished building: B1.list
 

14:26:21 Build Finished. 0 errors, 0 warnings. (took 375ms)

