14:41:07 **** Incremental Build of configuration Debug for project B1 ****
make -j8 all 
arm-none-eabi-gcc "../Core/Src/main.c" -mcpu=cortex-m3 -std=gnu11 -g3 -DDEBUG -DUSE_HAL_DRIVER -DSTM32F103x6 -c -I../Core/Inc -I../Drivers/STM32F1xx_HAL_Driver/Inc -I../Drivers/STM32F1xx_HAL_Driver/Inc/Legacy -I../Drivers/CMSIS/Device/ST/STM32F1xx/Include -I../Drivers/CMSIS/Include -O0 -ffunction-sections -fdata-sections -Wall -fstack-usage -MMD -MP -MF"Core/Src/main.d" -MT"Core/Src/main.o" --specs=nano.specs -mfloat-abi=soft -mthumb -o "Core/Src/main.o"
arm-none-eabi-gcc -o "B1.elf" @"objects.list"   -mcpu=cortex-m3 -T"D:\VXL\LAB2\B1\STM32F103C6UX_FLASH.ld" --specs=nosys.specs -Wl,-Map="B1.map" -Wl,--gc-sections -static --specs=nano.specs -mfloat-abi=soft -mthumb -Wl,--start-group -lc -lm -Wl,--end-group
Finished building target: B1.elf
 
arm-none-eabi-size   B1.elf 
arm-none-eabi-objdump -h -S  B1.elf  > "B1.list"
arm-none-eabi-objcopy  -O ihex  B1.elf  "B1.hex"
arm-none-eabi-objcopy  -O binary  B1.elf  "B1.bin"
   text	   data	    bss	    dec	    hex	filename
   8360	     20	   1660	  10040	   2738	B1.elf
Finished building: default.size.stdout
 
Finished building: B1.hex
Finished building: B1.bin
 
 
Finished building: B1.list
 
